[kaisermann.me/index.html]
[backblue.gif]
[fade.gif]
[index.html]
[kaisermann.me/assets/images/big-rainbow-static.jpg]
[kaisermann.me/assets/fonts/VCROSDMono.woff2]
[kaisermann.me/assets/fonts/VCROSDMono.woff]
[kaisermann.me/assets/images/rainbow-static.gif]
[kaisermann.me/assets/images/rainbow-static.webp]
[kaisermann.me/assets/images/effect-static.webp]
[kaisermann.me/assets/images/effect-artifacts.webp]
[kaisermann.me/assets/images/cursor-default.png]
[kaisermann.me/assets/images/cursor-pointer.png]
[kaisermann.me/assets/main.entry.c940d9edf9.css]
[kaisermann.me/assets/images/favicon.png]
[kaisermann.me/open-source/index.html]
[kaisermann.me/cdn-cgi/l/email-protection.html]
[kaisermann.me/playlists/index.html]
[kaisermann.me/websites/index.html]
[kaisermann.me/cdn-cgi/scripts/5c5dd728/cloudflare-static/email-decode.min.js]
[kaisermann.me/resume/index.html]
[kaisermann.me/assets/main.entry.cc5728b424.js]
[kaisermann.me/index.html]
[rum.cronitor.io/script.js]
[kaisermann.me/assets/images/me.jpg]
[kaisermann.me/assets/images/effect-static.gif]
[kaisermann.me/assets/images/effect-artifacts.gif]
[kaisermann.me/assets/images/stars.jpg]
[kaisermann.me/assets/images/stars.webp]
[kaisermann.me/assets/images/stars.avif]
[kaisermann.me/assets/images/plastic-texture-noise.png]
[kaisermann.me/assets/main.entry.c940d9edf9.css]
[kaisermann.me/open-source/index.html]
[kaisermann.me/websites/index.html]
[kaisermann.me/playlists/index.html]
[kaisermann.me/cdn-cgi/l/email-protection.html]
[kaisermann.me/assets/styles/markdown.entry.d656d3db43.css]
[kaisermann.me/resume/[https_/](https_/getcircuit.com/)]
[kaisermann.me/resume/index.html]
[kaisermann.me/assets/styles/markdown.entry.d656d3db43.css]
[kaisermann.me/resume/[https_/](https_/getcircuit.com/).html]
